nohup: ignoring input
 
 -------------- celery@ns1.localhost.com v5.6.3 (recovery)
--- ***** ----- 
-- ******* ---- Linux-6.8.0-138-generic-x86_64-with-glibc2.39 2026-09-01 11:35:03
- *** --- * --- 
- ** ---------- [config]
- ** ---------- .> app:         erp:0x715d63f95100
- ** ---------- .> transport:   redis://127.0.0.1:6379/2
- ** ---------- .> results:     
- *** --- * --- .> concurrency: 2 (prefork)
-- ******* ---- .> task events: OFF (enable -E to monitor tasks in this worker)
--- ***** ----- 
 -------------- [queues]
                .> celery           exchange=celery(direct) key=celery
                

[tasks]
  . core.tasks.test_celery_task
  . distribution.tasks.notify_sales_order_confirmed
  . distribution.tasks.process_order_fulfillment_task
  . distribution.tasks.ship_fulfilled_production_task
  . inventory.tasks.check_critical_stock_levels

[2026-09-01 11:35:04,765: INFO/MainProcess] Connected to redis://127.0.0.1:6379/2
[2026-09-01 11:35:04,807: INFO/MainProcess] mingle: searching for neighbors
[2026-09-01 11:35:05,888: INFO/MainProcess] mingle: all alone
[2026-09-01 11:35:06,023: INFO/MainProcess] celery@ns1.localhost.com ready.
[2026-09-01 11:37:36,274: INFO/MainProcess] Task distribution.tasks.process_order_fulfillment_task[bb2f2d42-1b60-4fae-966a-45d141e7f4c0] received
[2026-09-01 11:37:36,558: INFO/ForkPoolWorker-1] Task distribution.tasks.process_order_fulfillment_task[bb2f2d42-1b60-4fae-966a-45d141e7f4c0] succeeded in 0.27245879697147757s: 'Sipariş SO-CUST-00004-260901113736 işlendi. Durum: shipped'

Restarting celery worker (/home/stajyer/ERP/venv/bin/celery -A config worker --loglevel=INFO)
Traceback (most recent call last):
  File "/home/stajyer/ERP/venv/bin/celery", line 6, in <module>
    sys.exit(main())
             ^^^^^^
  File "/home/stajyer/ERP/venv/lib/python3.12/site-packages/celery/__main__.py", line 15, in main
    sys.exit(_main())
             ^^^^^^^
  File "/home/stajyer/ERP/venv/lib/python3.12/site-packages/celery/bin/celery.py", line 227, in main
    return celery(auto_envvar_prefix="CELERY")
           ^^^^^^^^^^^^^^^^^^^^^^^^^^^^^^^^^^^
  File "/home/stajyer/ERP/venv/lib/python3.12/site-packages/click/core.py", line 1569, in __call__
    return self.main(*args, **kwargs)
           ^^^^^^^^^^^^^^^^^^^^^^^^^^
  File "/home/stajyer/ERP/venv/lib/python3.12/site-packages/click/core.py", line 1490, in main
    rv = self.invoke(ctx)
         ^^^^^^^^^^^^^^^^
  File "/home/stajyer/ERP/venv/lib/python3.12/site-packages/click/core.py", line 1970, in invoke
    return _process_result(sub_ctx.command.invoke(sub_ctx))
                           ^^^^^^^^^^^^^^^^^^^^^^^^^^^^^^^
  File "/home/stajyer/ERP/venv/lib/python3.12/site-packages/click/core.py", line 1353, in invoke
    return ctx.invoke(self.callback, **ctx.params)
           ^^^^^^^^^^^^^^^^^^^^^^^^^^^^^^^^^^^^^^^
  File "/home/stajyer/ERP/venv/lib/python3.12/site-packages/click/core.py", line 907, in invoke
    return callback(*args, **kwargs)
           ^^^^^^^^^^^^^^^^^^^^^^^^^
  File "/home/stajyer/ERP/venv/lib/python3.12/site-packages/click/decorators.py", line 34, in new_func
    return f(get_current_context(), *args, **kwargs)
           ^^^^^^^^^^^^^^^^^^^^^^^^^^^^^^^^^^^^^^^^^
  File "/home/stajyer/ERP/venv/lib/python3.12/site-packages/celery/bin/base.py", line 158, in caller
    return f(ctx, *args, **kwargs)
           ^^^^^^^^^^^^^^^^^^^^^^^
  File "/home/stajyer/ERP/venv/lib/python3.12/site-packages/celery/bin/worker.py", line 359, in worker
    worker = app.Worker(
             ^^^^^^^^^^^
  File "/home/stajyer/ERP/venv/lib/python3.12/site-packages/celery/worker/worker.py", line 94, in __init__
    self.app.loader.init_worker()
  File "/home/stajyer/ERP/venv/lib/python3.12/site-packages/celery/loaders/base.py", line 110, in init_worker
    self.import_default_modules()
  File "/home/stajyer/ERP/venv/lib/python3.12/site-packages/celery/loaders/base.py", line 104, in import_default_modules
    raise response
  File "/home/stajyer/ERP/venv/lib/python3.12/site-packages/celery/utils/dispatch/signal.py", line 280, in send
    response = receiver(signal=self, sender=sender, **named)
               ^^^^^^^^^^^^^^^^^^^^^^^^^^^^^^^^^^^^^^^^^^^^^
  File "/home/stajyer/ERP/venv/lib/python3.12/site-packages/celery/fixups/django.py", line 103, in on_import_modules
    self.worker_fixup.validate_models()
  File "/home/stajyer/ERP/venv/lib/python3.12/site-packages/celery/fixups/django.py", line 154, in validate_models
    run_checks()
  File "/home/stajyer/ERP/venv/lib/python3.12/site-packages/django/core/checks/registry.py", line 89, in run_checks
    new_errors = check(app_configs=app_configs, databases=databases)
                 ^^^^^^^^^^^^^^^^^^^^^^^^^^^^^^^^^^^^^^^^^^^^^^^^^^^
  File "/home/stajyer/ERP/venv/lib/python3.12/site-packages/django/core/checks/urls.py", line 16, in check_url_config
    return check_resolver(resolver)
           ^^^^^^^^^^^^^^^^^^^^^^^^
  File "/home/stajyer/ERP/venv/lib/python3.12/site-packages/django/core/checks/urls.py", line 26, in check_resolver
    return check_method()
           ^^^^^^^^^^^^^^
  File "/home/stajyer/ERP/venv/lib/python3.12/site-packages/django/urls/resolvers.py", line 541, in check
    for pattern in self.url_patterns:
                   ^^^^^^^^^^^^^^^^^
  File "/home/stajyer/ERP/venv/lib/python3.12/site-packages/django/utils/functional.py", line 47, in __get__
    res = instance.__dict__[self.name] = self.func(instance)
                                         ^^^^^^^^^^^^^^^^^^^
  File "/home/stajyer/ERP/venv/lib/python3.12/site-packages/django/urls/resolvers.py", line 729, in url_patterns
    patterns = getattr(self.urlconf_module, "urlpatterns", self.urlconf_module)
                       ^^^^^^^^^^^^^^^^^^^
  File "/home/stajyer/ERP/venv/lib/python3.12/site-packages/django/utils/functional.py", line 47, in __get__
    res = instance.__dict__[self.name] = self.func(instance)
                                         ^^^^^^^^^^^^^^^^^^^
  File "/home/stajyer/ERP/venv/lib/python3.12/site-packages/django/urls/resolvers.py", line 722, in urlconf_module
    return import_module(self.urlconf_name)
           ^^^^^^^^^^^^^^^^^^^^^^^^^^^^^^^^
  File "/usr/lib/python3.12/importlib/__init__.py", line 90, in import_module
    return _bootstrap._gcd_import(name[level:], package, level)
           ^^^^^^^^^^^^^^^^^^^^^^^^^^^^^^^^^^^^^^^^^^^^^^^^^^^^
  File "<frozen importlib._bootstrap>", line 1387, in _gcd_import
  File "<frozen importlib._bootstrap>", line 1360, in _find_and_load
  File "<frozen importlib._bootstrap>", line 1331, in _find_and_load_unlocked
  File "<frozen importlib._bootstrap>", line 935, in _load_unlocked
  File "<frozen importlib._bootstrap_external>", line 995, in exec_module
  File "<frozen importlib._bootstrap>", line 488, in _call_with_frames_removed
  File "/home/stajyer/ERP/config/urls.py", line 20, in <module>
    path("distribution/", include("distribution.urls")),
                          ^^^^^^^^^^^^^^^^^^^^^^^^^^^^
  File "/home/stajyer/ERP/venv/lib/python3.12/site-packages/django/urls/conf.py", line 39, in include
    urlconf_module = import_module(urlconf_module)
                     ^^^^^^^^^^^^^^^^^^^^^^^^^^^^^
  File "/usr/lib/python3.12/importlib/__init__.py", line 90, in import_module
    return _bootstrap._gcd_import(name[level:], package, level)
           ^^^^^^^^^^^^^^^^^^^^^^^^^^^^^^^^^^^^^^^^^^^^^^^^^^^^
  File "<frozen importlib._bootstrap>", line 1387, in _gcd_import
  File "<frozen importlib._bootstrap>", line 1360, in _find_and_load
  File "<frozen importlib._bootstrap>", line 1331, in _find_and_load_unlocked
  File "<frozen importlib._bootstrap>", line 935, in _load_unlocked
  File "<frozen importlib._bootstrap_external>", line 995, in exec_module
  File "<frozen importlib._bootstrap>", line 488, in _call_with_frames_removed
  File "/home/stajyer/ERP/distribution/urls.py", line 3, in <module>
    from . import views
  File "/home/stajyer/ERP/distribution/views.py", line 15, in <module>
    from .tasks import notify_sales_order_confirmed
  File "/home/stajyer/ERP/distribution/tasks.py", line 23
    from distribution.views import build_invoice_pdf_bytes
IndentationError: unexpected indent
